ARM GAS  C:\Users\Rob\AppData\Local\Temp\ccRz8Y3P.s 			page 1


   1              		.syntax unified
   2              		.cpu cortex-m3
   3              		.fpu softvfp
   4              		.eabi_attribute 20, 1
   5              		.eabi_attribute 21, 1
   6              		.eabi_attribute 23, 3
   7              		.eabi_attribute 24, 1
   8              		.eabi_attribute 25, 1
   9              		.eabi_attribute 26, 1
  10              		.eabi_attribute 30, 1
  11              		.eabi_attribute 34, 1
  12              		.eabi_attribute 18, 4
  13              		.thumb
  14              		.syntax unified
  15              		.file	"C_Out.c"
  16              		.text
  17              	.Ltext0:
  18              		.cfi_sections	.debug_frame
  19              		.section	.text.C_Out_Write,"ax",%progbits
  20              		.align	2
  21              		.global	C_Out_Write
  22              		.thumb
  23              		.thumb_func
  24              		.type	C_Out_Write, %function
  25              	C_Out_Write:
  26              	.LFB0:
  27              		.file 1 "Generated_Source\\PSoC5\\C_Out.c"
   1:Generated_Source\PSoC5/C_Out.c **** /*******************************************************************************
   2:Generated_Source\PSoC5/C_Out.c **** * File Name: C_Out.c  
   3:Generated_Source\PSoC5/C_Out.c **** * Version 2.20
   4:Generated_Source\PSoC5/C_Out.c **** *
   5:Generated_Source\PSoC5/C_Out.c **** * Description:
   6:Generated_Source\PSoC5/C_Out.c **** *  This file contains API to enable firmware control of a Pins component.
   7:Generated_Source\PSoC5/C_Out.c **** *
   8:Generated_Source\PSoC5/C_Out.c **** * Note:
   9:Generated_Source\PSoC5/C_Out.c **** *
  10:Generated_Source\PSoC5/C_Out.c **** ********************************************************************************
  11:Generated_Source\PSoC5/C_Out.c **** * Copyright 2008-2015, Cypress Semiconductor Corporation.  All rights reserved.
  12:Generated_Source\PSoC5/C_Out.c **** * You may use this file only in accordance with the license, terms, conditions, 
  13:Generated_Source\PSoC5/C_Out.c **** * disclaimers, and limitations in the end user license agreement accompanying 
  14:Generated_Source\PSoC5/C_Out.c **** * the software package with which this file was provided.
  15:Generated_Source\PSoC5/C_Out.c **** *******************************************************************************/
  16:Generated_Source\PSoC5/C_Out.c **** 
  17:Generated_Source\PSoC5/C_Out.c **** #include "cytypes.h"
  18:Generated_Source\PSoC5/C_Out.c **** #include "C_Out.h"
  19:Generated_Source\PSoC5/C_Out.c **** 
  20:Generated_Source\PSoC5/C_Out.c **** /* APIs are not generated for P15[7:6] on PSoC 5 */
  21:Generated_Source\PSoC5/C_Out.c **** #if !(CY_PSOC5A &&\
  22:Generated_Source\PSoC5/C_Out.c **** 	 C_Out__PORT == 15 && ((C_Out__MASK & 0xC0) != 0))
  23:Generated_Source\PSoC5/C_Out.c **** 
  24:Generated_Source\PSoC5/C_Out.c **** 
  25:Generated_Source\PSoC5/C_Out.c **** /*******************************************************************************
  26:Generated_Source\PSoC5/C_Out.c **** * Function Name: C_Out_Write
  27:Generated_Source\PSoC5/C_Out.c **** ****************************************************************************//**
  28:Generated_Source\PSoC5/C_Out.c **** *
  29:Generated_Source\PSoC5/C_Out.c **** * \brief Writes the value to the physical port (data output register), masking
  30:Generated_Source\PSoC5/C_Out.c **** *  and shifting the bits appropriately. 
ARM GAS  C:\Users\Rob\AppData\Local\Temp\ccRz8Y3P.s 			page 2


  31:Generated_Source\PSoC5/C_Out.c **** *
  32:Generated_Source\PSoC5/C_Out.c **** * The data output register controls the signal applied to the physical pin in 
  33:Generated_Source\PSoC5/C_Out.c **** * conjunction with the drive mode parameter. This function avoids changing 
  34:Generated_Source\PSoC5/C_Out.c **** * other bits in the port by using the appropriate method (read-modify-write or
  35:Generated_Source\PSoC5/C_Out.c **** * bit banding).
  36:Generated_Source\PSoC5/C_Out.c **** *
  37:Generated_Source\PSoC5/C_Out.c **** * <b>Note</b> This function should not be used on a hardware digital output pin 
  38:Generated_Source\PSoC5/C_Out.c **** * as it is driven by the hardware signal attached to it.
  39:Generated_Source\PSoC5/C_Out.c **** *
  40:Generated_Source\PSoC5/C_Out.c **** * \param value
  41:Generated_Source\PSoC5/C_Out.c **** *  Value to write to the component instance.
  42:Generated_Source\PSoC5/C_Out.c **** *
  43:Generated_Source\PSoC5/C_Out.c **** * \return 
  44:Generated_Source\PSoC5/C_Out.c **** *  None 
  45:Generated_Source\PSoC5/C_Out.c **** *
  46:Generated_Source\PSoC5/C_Out.c **** * \sideeffect
  47:Generated_Source\PSoC5/C_Out.c **** *  If you use read-modify-write operations that are not atomic; the Interrupt 
  48:Generated_Source\PSoC5/C_Out.c **** *  Service Routines (ISR) can cause corruption of this function. An ISR that 
  49:Generated_Source\PSoC5/C_Out.c **** *  interrupts this function and performs writes to the Pins component data 
  50:Generated_Source\PSoC5/C_Out.c **** *  register can cause corrupted port data. To avoid this issue, you should 
  51:Generated_Source\PSoC5/C_Out.c **** *  either use the Per-Pin APIs (primary method) or disable interrupts around 
  52:Generated_Source\PSoC5/C_Out.c **** *  this function.
  53:Generated_Source\PSoC5/C_Out.c **** *
  54:Generated_Source\PSoC5/C_Out.c **** * \funcusage
  55:Generated_Source\PSoC5/C_Out.c **** *  \snippet C_Out_SUT.c usage_C_Out_Write
  56:Generated_Source\PSoC5/C_Out.c **** *******************************************************************************/
  57:Generated_Source\PSoC5/C_Out.c **** void C_Out_Write(uint8 value)
  58:Generated_Source\PSoC5/C_Out.c **** {
  28              		.loc 1 58 0
  29              		.cfi_startproc
  30              		@ args = 0, pretend = 0, frame = 0
  31              		@ frame_needed = 0, uses_anonymous_args = 0
  32              		@ link register save eliminated.
  33              	.LVL0:
  59:Generated_Source\PSoC5/C_Out.c ****     uint8 staticBits = (C_Out_DR & (uint8)(~C_Out_MASK));
  34              		.loc 1 59 0
  35 0000 044A     		ldr	r2, .L2
  36 0002 1378     		ldrb	r3, [r2]	@ zero_extendqisi2
  37 0004 03F0C003 		and	r3, r3, #192
  38              	.LVL1:
  60:Generated_Source\PSoC5/C_Out.c ****     C_Out_DR = staticBits | ((uint8)(value << C_Out_SHIFT) & C_Out_MASK);
  39              		.loc 1 60 0
  40 0008 00F03F00 		and	r0, r0, #63
  41              	.LVL2:
  42 000c 1843     		orrs	r0, r0, r3
  43 000e 1070     		strb	r0, [r2]
  44 0010 7047     		bx	lr
  45              	.L3:
  46 0012 00BF     		.align	2
  47              	.L2:
  48 0014 30510040 		.word	1073762608
  49              		.cfi_endproc
  50              	.LFE0:
  51              		.size	C_Out_Write, .-C_Out_Write
  52              		.section	.text.C_Out_SetDriveMode,"ax",%progbits
  53              		.align	2
  54              		.global	C_Out_SetDriveMode
ARM GAS  C:\Users\Rob\AppData\Local\Temp\ccRz8Y3P.s 			page 3


  55              		.thumb
  56              		.thumb_func
  57              		.type	C_Out_SetDriveMode, %function
  58              	C_Out_SetDriveMode:
  59              	.LFB1:
  61:Generated_Source\PSoC5/C_Out.c **** }
  62:Generated_Source\PSoC5/C_Out.c **** 
  63:Generated_Source\PSoC5/C_Out.c **** 
  64:Generated_Source\PSoC5/C_Out.c **** /*******************************************************************************
  65:Generated_Source\PSoC5/C_Out.c **** * Function Name: C_Out_SetDriveMode
  66:Generated_Source\PSoC5/C_Out.c **** ****************************************************************************//**
  67:Generated_Source\PSoC5/C_Out.c **** *
  68:Generated_Source\PSoC5/C_Out.c **** * \brief Sets the drive mode for each of the Pins component's pins.
  69:Generated_Source\PSoC5/C_Out.c **** * 
  70:Generated_Source\PSoC5/C_Out.c **** * <b>Note</b> This affects all pins in the Pins component instance. Use the
  71:Generated_Source\PSoC5/C_Out.c **** * Per-Pin APIs if you wish to control individual pin's drive modes.
  72:Generated_Source\PSoC5/C_Out.c **** *
  73:Generated_Source\PSoC5/C_Out.c **** * \param mode
  74:Generated_Source\PSoC5/C_Out.c **** *  Mode for the selected signals. Valid options are documented in 
  75:Generated_Source\PSoC5/C_Out.c **** *  \ref driveMode.
  76:Generated_Source\PSoC5/C_Out.c **** *
  77:Generated_Source\PSoC5/C_Out.c **** * \return
  78:Generated_Source\PSoC5/C_Out.c **** *  None
  79:Generated_Source\PSoC5/C_Out.c **** *
  80:Generated_Source\PSoC5/C_Out.c **** * \sideeffect
  81:Generated_Source\PSoC5/C_Out.c **** *  If you use read-modify-write operations that are not atomic, the ISR can
  82:Generated_Source\PSoC5/C_Out.c **** *  cause corruption of this function. An ISR that interrupts this function 
  83:Generated_Source\PSoC5/C_Out.c **** *  and performs writes to the Pins component Drive Mode registers can cause 
  84:Generated_Source\PSoC5/C_Out.c **** *  corrupted port data. To avoid this issue, you should either use the Per-Pin
  85:Generated_Source\PSoC5/C_Out.c **** *  APIs (primary method) or disable interrupts around this function.
  86:Generated_Source\PSoC5/C_Out.c **** *
  87:Generated_Source\PSoC5/C_Out.c **** * \funcusage
  88:Generated_Source\PSoC5/C_Out.c **** *  \snippet C_Out_SUT.c usage_C_Out_SetDriveMode
  89:Generated_Source\PSoC5/C_Out.c **** *******************************************************************************/
  90:Generated_Source\PSoC5/C_Out.c **** void C_Out_SetDriveMode(uint8 mode)
  91:Generated_Source\PSoC5/C_Out.c **** {
  60              		.loc 1 91 0
  61              		.cfi_startproc
  62              		@ args = 0, pretend = 0, frame = 0
  63              		@ frame_needed = 0, uses_anonymous_args = 0
  64              		@ link register save eliminated.
  65              	.LVL3:
  92:Generated_Source\PSoC5/C_Out.c **** 	CyPins_SetPinDriveMode(C_Out_0, mode);
  66              		.loc 1 92 0
  67 0000 134A     		ldr	r2, .L5
  68 0002 1378     		ldrb	r3, [r2]	@ zero_extendqisi2
  69 0004 00F00E00 		and	r0, r0, #14
  70              	.LVL4:
  71 0008 03F0F103 		and	r3, r3, #241
  72 000c 0343     		orrs	r3, r3, r0
  73 000e 1370     		strb	r3, [r2]
  93:Generated_Source\PSoC5/C_Out.c **** 	CyPins_SetPinDriveMode(C_Out_1, mode);
  74              		.loc 1 93 0
  75 0010 0132     		adds	r2, r2, #1
  76 0012 1378     		ldrb	r3, [r2]	@ zero_extendqisi2
  77 0014 03F0F103 		and	r3, r3, #241
  78 0018 0343     		orrs	r3, r3, r0
ARM GAS  C:\Users\Rob\AppData\Local\Temp\ccRz8Y3P.s 			page 4


  79 001a 1370     		strb	r3, [r2]
  94:Generated_Source\PSoC5/C_Out.c **** 	CyPins_SetPinDriveMode(C_Out_2, mode);
  80              		.loc 1 94 0
  81 001c 0132     		adds	r2, r2, #1
  82 001e 1378     		ldrb	r3, [r2]	@ zero_extendqisi2
  83 0020 03F0F103 		and	r3, r3, #241
  84 0024 0343     		orrs	r3, r3, r0
  85 0026 1370     		strb	r3, [r2]
  95:Generated_Source\PSoC5/C_Out.c **** 	CyPins_SetPinDriveMode(C_Out_3, mode);
  86              		.loc 1 95 0
  87 0028 0132     		adds	r2, r2, #1
  88 002a 1378     		ldrb	r3, [r2]	@ zero_extendqisi2
  89 002c 03F0F103 		and	r3, r3, #241
  90 0030 0343     		orrs	r3, r3, r0
  91 0032 1370     		strb	r3, [r2]
  96:Generated_Source\PSoC5/C_Out.c **** 	CyPins_SetPinDriveMode(C_Out_4, mode);
  92              		.loc 1 96 0
  93 0034 0132     		adds	r2, r2, #1
  94 0036 1378     		ldrb	r3, [r2]	@ zero_extendqisi2
  95 0038 03F0F103 		and	r3, r3, #241
  96 003c 0343     		orrs	r3, r3, r0
  97 003e 1370     		strb	r3, [r2]
  97:Generated_Source\PSoC5/C_Out.c **** 	CyPins_SetPinDriveMode(C_Out_5, mode);
  98              		.loc 1 97 0
  99 0040 0132     		adds	r2, r2, #1
 100 0042 1378     		ldrb	r3, [r2]	@ zero_extendqisi2
 101 0044 03F0F103 		and	r3, r3, #241
 102 0048 1843     		orrs	r0, r0, r3
 103 004a 1070     		strb	r0, [r2]
 104 004c 7047     		bx	lr
 105              	.L6:
 106 004e 00BF     		.align	2
 107              	.L5:
 108 0050 18500040 		.word	1073762328
 109              		.cfi_endproc
 110              	.LFE1:
 111              		.size	C_Out_SetDriveMode, .-C_Out_SetDriveMode
 112              		.section	.text.C_Out_Read,"ax",%progbits
 113              		.align	2
 114              		.global	C_Out_Read
 115              		.thumb
 116              		.thumb_func
 117              		.type	C_Out_Read, %function
 118              	C_Out_Read:
 119              	.LFB2:
  98:Generated_Source\PSoC5/C_Out.c **** }
  99:Generated_Source\PSoC5/C_Out.c **** 
 100:Generated_Source\PSoC5/C_Out.c **** 
 101:Generated_Source\PSoC5/C_Out.c **** /*******************************************************************************
 102:Generated_Source\PSoC5/C_Out.c **** * Function Name: C_Out_Read
 103:Generated_Source\PSoC5/C_Out.c **** ****************************************************************************//**
 104:Generated_Source\PSoC5/C_Out.c **** *
 105:Generated_Source\PSoC5/C_Out.c **** * \brief Reads the associated physical port (pin status register) and masks 
 106:Generated_Source\PSoC5/C_Out.c **** *  the required bits according to the width and bit position of the component
 107:Generated_Source\PSoC5/C_Out.c **** *  instance. 
 108:Generated_Source\PSoC5/C_Out.c **** *
 109:Generated_Source\PSoC5/C_Out.c **** * The pin's status register returns the current logic level present on the 
ARM GAS  C:\Users\Rob\AppData\Local\Temp\ccRz8Y3P.s 			page 5


 110:Generated_Source\PSoC5/C_Out.c **** * physical pin.
 111:Generated_Source\PSoC5/C_Out.c **** *
 112:Generated_Source\PSoC5/C_Out.c **** * \return 
 113:Generated_Source\PSoC5/C_Out.c **** *  The current value for the pins in the component as a right justified number.
 114:Generated_Source\PSoC5/C_Out.c **** *
 115:Generated_Source\PSoC5/C_Out.c **** * \funcusage
 116:Generated_Source\PSoC5/C_Out.c **** *  \snippet C_Out_SUT.c usage_C_Out_Read  
 117:Generated_Source\PSoC5/C_Out.c **** *******************************************************************************/
 118:Generated_Source\PSoC5/C_Out.c **** uint8 C_Out_Read(void)
 119:Generated_Source\PSoC5/C_Out.c **** {
 120              		.loc 1 119 0
 121              		.cfi_startproc
 122              		@ args = 0, pretend = 0, frame = 0
 123              		@ frame_needed = 0, uses_anonymous_args = 0
 124              		@ link register save eliminated.
 120:Generated_Source\PSoC5/C_Out.c ****     return (C_Out_PS & C_Out_MASK) >> C_Out_SHIFT;
 125              		.loc 1 120 0
 126 0000 024B     		ldr	r3, .L8
 127 0002 1878     		ldrb	r0, [r3]	@ zero_extendqisi2
 121:Generated_Source\PSoC5/C_Out.c **** }
 128              		.loc 1 121 0
 129 0004 00F03F00 		and	r0, r0, #63
 130 0008 7047     		bx	lr
 131              	.L9:
 132 000a 00BF     		.align	2
 133              	.L8:
 134 000c 31510040 		.word	1073762609
 135              		.cfi_endproc
 136              	.LFE2:
 137              		.size	C_Out_Read, .-C_Out_Read
 138              		.section	.text.C_Out_ReadDataReg,"ax",%progbits
 139              		.align	2
 140              		.global	C_Out_ReadDataReg
 141              		.thumb
 142              		.thumb_func
 143              		.type	C_Out_ReadDataReg, %function
 144              	C_Out_ReadDataReg:
 145              	.LFB3:
 122:Generated_Source\PSoC5/C_Out.c **** 
 123:Generated_Source\PSoC5/C_Out.c **** 
 124:Generated_Source\PSoC5/C_Out.c **** /*******************************************************************************
 125:Generated_Source\PSoC5/C_Out.c **** * Function Name: C_Out_ReadDataReg
 126:Generated_Source\PSoC5/C_Out.c **** ****************************************************************************//**
 127:Generated_Source\PSoC5/C_Out.c **** *
 128:Generated_Source\PSoC5/C_Out.c **** * \brief Reads the associated physical port's data output register and masks 
 129:Generated_Source\PSoC5/C_Out.c **** *  the correct bits according to the width and bit position of the component 
 130:Generated_Source\PSoC5/C_Out.c **** *  instance. 
 131:Generated_Source\PSoC5/C_Out.c **** *
 132:Generated_Source\PSoC5/C_Out.c **** * The data output register controls the signal applied to the physical pin in 
 133:Generated_Source\PSoC5/C_Out.c **** * conjunction with the drive mode parameter. This is not the same as the 
 134:Generated_Source\PSoC5/C_Out.c **** * preferred C_Out_Read() API because the 
 135:Generated_Source\PSoC5/C_Out.c **** * C_Out_ReadDataReg() reads the data register instead of the status 
 136:Generated_Source\PSoC5/C_Out.c **** * register. For output pins this is a useful function to determine the value 
 137:Generated_Source\PSoC5/C_Out.c **** * just written to the pin.
 138:Generated_Source\PSoC5/C_Out.c **** *
 139:Generated_Source\PSoC5/C_Out.c **** * \return 
 140:Generated_Source\PSoC5/C_Out.c **** *  The current value of the data register masked and shifted into a right 
ARM GAS  C:\Users\Rob\AppData\Local\Temp\ccRz8Y3P.s 			page 6


 141:Generated_Source\PSoC5/C_Out.c **** *  justified number for the component instance.
 142:Generated_Source\PSoC5/C_Out.c **** *
 143:Generated_Source\PSoC5/C_Out.c **** * \funcusage
 144:Generated_Source\PSoC5/C_Out.c **** *  \snippet C_Out_SUT.c usage_C_Out_ReadDataReg 
 145:Generated_Source\PSoC5/C_Out.c **** *******************************************************************************/
 146:Generated_Source\PSoC5/C_Out.c **** uint8 C_Out_ReadDataReg(void)
 147:Generated_Source\PSoC5/C_Out.c **** {
 146              		.loc 1 147 0
 147              		.cfi_startproc
 148              		@ args = 0, pretend = 0, frame = 0
 149              		@ frame_needed = 0, uses_anonymous_args = 0
 150              		@ link register save eliminated.
 148:Generated_Source\PSoC5/C_Out.c ****     return (C_Out_DR & C_Out_MASK) >> C_Out_SHIFT;
 151              		.loc 1 148 0
 152 0000 024B     		ldr	r3, .L11
 153 0002 1878     		ldrb	r0, [r3]	@ zero_extendqisi2
 149:Generated_Source\PSoC5/C_Out.c **** }
 154              		.loc 1 149 0
 155 0004 00F03F00 		and	r0, r0, #63
 156 0008 7047     		bx	lr
 157              	.L12:
 158 000a 00BF     		.align	2
 159              	.L11:
 160 000c 30510040 		.word	1073762608
 161              		.cfi_endproc
 162              	.LFE3:
 163              		.size	C_Out_ReadDataReg, .-C_Out_ReadDataReg
 164              		.text
 165              	.Letext0:
 166              		.file 2 "Generated_Source\\PSoC5\\cytypes.h"
 167              		.section	.debug_info,"",%progbits
 168              	.Ldebug_info0:
 169 0000 1B010000 		.4byte	0x11b
 170 0004 0400     		.2byte	0x4
 171 0006 00000000 		.4byte	.Ldebug_abbrev0
 172 000a 04       		.byte	0x4
 173 000b 01       		.uleb128 0x1
 174 000c 82000000 		.4byte	.LASF20
 175 0010 0C       		.byte	0xc
 176 0011 10010000 		.4byte	.LASF21
 177 0015 36000000 		.4byte	.LASF22
 178 0019 00000000 		.4byte	.Ldebug_ranges0+0
 179 001d 00000000 		.4byte	0
 180 0021 00000000 		.4byte	.Ldebug_line0
 181 0025 02       		.uleb128 0x2
 182 0026 01       		.byte	0x1
 183 0027 06       		.byte	0x6
 184 0028 C0010000 		.4byte	.LASF0
 185 002c 02       		.uleb128 0x2
 186 002d 01       		.byte	0x1
 187 002e 08       		.byte	0x8
 188 002f 74000000 		.4byte	.LASF1
 189 0033 02       		.uleb128 0x2
 190 0034 02       		.byte	0x2
 191 0035 05       		.byte	0x5
 192 0036 A7010000 		.4byte	.LASF2
 193 003a 02       		.uleb128 0x2
ARM GAS  C:\Users\Rob\AppData\Local\Temp\ccRz8Y3P.s 			page 7


 194 003b 02       		.byte	0x2
 195 003c 07       		.byte	0x7
 196 003d 41010000 		.4byte	.LASF3
 197 0041 02       		.uleb128 0x2
 198 0042 04       		.byte	0x4
 199 0043 05       		.byte	0x5
 200 0044 B7010000 		.4byte	.LASF4
 201 0048 02       		.uleb128 0x2
 202 0049 04       		.byte	0x4
 203 004a 07       		.byte	0x7
 204 004b 2F010000 		.4byte	.LASF5
 205 004f 02       		.uleb128 0x2
 206 0050 08       		.byte	0x8
 207 0051 05       		.byte	0x5
 208 0052 94010000 		.4byte	.LASF6
 209 0056 02       		.uleb128 0x2
 210 0057 08       		.byte	0x8
 211 0058 07       		.byte	0x7
 212 0059 73010000 		.4byte	.LASF7
 213 005d 03       		.uleb128 0x3
 214 005e 04       		.byte	0x4
 215 005f 05       		.byte	0x5
 216 0060 696E7400 		.ascii	"int\000"
 217 0064 02       		.uleb128 0x2
 218 0065 04       		.byte	0x4
 219 0066 07       		.byte	0x7
 220 0067 5B010000 		.4byte	.LASF8
 221 006b 04       		.uleb128 0x4
 222 006c B1010000 		.4byte	.LASF12
 223 0070 02       		.byte	0x2
 224 0071 9201     		.2byte	0x192
 225 0073 2C000000 		.4byte	0x2c
 226 0077 02       		.uleb128 0x2
 227 0078 04       		.byte	0x4
 228 0079 04       		.byte	0x4
 229 007a 6E000000 		.4byte	.LASF9
 230 007e 02       		.uleb128 0x2
 231 007f 08       		.byte	0x8
 232 0080 04       		.byte	0x4
 233 0081 54010000 		.4byte	.LASF10
 234 0085 02       		.uleb128 0x2
 235 0086 01       		.byte	0x1
 236 0087 08       		.byte	0x8
 237 0088 A2010000 		.4byte	.LASF11
 238 008c 04       		.uleb128 0x4
 239 008d 8F010000 		.4byte	.LASF13
 240 0091 02       		.byte	0x2
 241 0092 3C02     		.2byte	0x23c
 242 0094 98000000 		.4byte	0x98
 243 0098 05       		.uleb128 0x5
 244 0099 6B000000 		.4byte	0x6b
 245 009d 06       		.uleb128 0x6
 246 009e CC010000 		.4byte	.LASF14
 247 00a2 01       		.byte	0x1
 248 00a3 39       		.byte	0x39
 249 00a4 00000000 		.4byte	.LFB0
 250 00a8 18000000 		.4byte	.LFE0-.LFB0
ARM GAS  C:\Users\Rob\AppData\Local\Temp\ccRz8Y3P.s 			page 8


 251 00ac 01       		.uleb128 0x1
 252 00ad 9C       		.byte	0x9c
 253 00ae CF000000 		.4byte	0xcf
 254 00b2 07       		.uleb128 0x7
 255 00b3 13000000 		.4byte	.LASF16
 256 00b7 01       		.byte	0x1
 257 00b8 39       		.byte	0x39
 258 00b9 6B000000 		.4byte	0x6b
 259 00bd 00000000 		.4byte	.LLST0
 260 00c1 08       		.uleb128 0x8
 261 00c2 19000000 		.4byte	.LASF23
 262 00c6 01       		.byte	0x1
 263 00c7 3B       		.byte	0x3b
 264 00c8 6B000000 		.4byte	0x6b
 265 00cc 01       		.uleb128 0x1
 266 00cd 53       		.byte	0x53
 267 00ce 00       		.byte	0
 268 00cf 06       		.uleb128 0x6
 269 00d0 00000000 		.4byte	.LASF15
 270 00d4 01       		.byte	0x1
 271 00d5 5A       		.byte	0x5a
 272 00d6 00000000 		.4byte	.LFB1
 273 00da 54000000 		.4byte	.LFE1-.LFB1
 274 00de 01       		.uleb128 0x1
 275 00df 9C       		.byte	0x9c
 276 00e0 F4000000 		.4byte	0xf4
 277 00e4 07       		.uleb128 0x7
 278 00e5 8A010000 		.4byte	.LASF17
 279 00e9 01       		.byte	0x1
 280 00ea 5A       		.byte	0x5a
 281 00eb 6B000000 		.4byte	0x6b
 282 00ef 21000000 		.4byte	.LLST1
 283 00f3 00       		.byte	0
 284 00f4 09       		.uleb128 0x9
 285 00f5 68010000 		.4byte	.LASF18
 286 00f9 01       		.byte	0x1
 287 00fa 76       		.byte	0x76
 288 00fb 6B000000 		.4byte	0x6b
 289 00ff 00000000 		.4byte	.LFB2
 290 0103 10000000 		.4byte	.LFE2-.LFB2
 291 0107 01       		.uleb128 0x1
 292 0108 9C       		.byte	0x9c
 293 0109 09       		.uleb128 0x9
 294 010a 24000000 		.4byte	.LASF19
 295 010e 01       		.byte	0x1
 296 010f 92       		.byte	0x92
 297 0110 6B000000 		.4byte	0x6b
 298 0114 00000000 		.4byte	.LFB3
 299 0118 10000000 		.4byte	.LFE3-.LFB3
 300 011c 01       		.uleb128 0x1
 301 011d 9C       		.byte	0x9c
 302 011e 00       		.byte	0
 303              		.section	.debug_abbrev,"",%progbits
 304              	.Ldebug_abbrev0:
 305 0000 01       		.uleb128 0x1
 306 0001 11       		.uleb128 0x11
 307 0002 01       		.byte	0x1
ARM GAS  C:\Users\Rob\AppData\Local\Temp\ccRz8Y3P.s 			page 9


 308 0003 25       		.uleb128 0x25
 309 0004 0E       		.uleb128 0xe
 310 0005 13       		.uleb128 0x13
 311 0006 0B       		.uleb128 0xb
 312 0007 03       		.uleb128 0x3
 313 0008 0E       		.uleb128 0xe
 314 0009 1B       		.uleb128 0x1b
 315 000a 0E       		.uleb128 0xe
 316 000b 55       		.uleb128 0x55
 317 000c 17       		.uleb128 0x17
 318 000d 11       		.uleb128 0x11
 319 000e 01       		.uleb128 0x1
 320 000f 10       		.uleb128 0x10
 321 0010 17       		.uleb128 0x17
 322 0011 00       		.byte	0
 323 0012 00       		.byte	0
 324 0013 02       		.uleb128 0x2
 325 0014 24       		.uleb128 0x24
 326 0015 00       		.byte	0
 327 0016 0B       		.uleb128 0xb
 328 0017 0B       		.uleb128 0xb
 329 0018 3E       		.uleb128 0x3e
 330 0019 0B       		.uleb128 0xb
 331 001a 03       		.uleb128 0x3
 332 001b 0E       		.uleb128 0xe
 333 001c 00       		.byte	0
 334 001d 00       		.byte	0
 335 001e 03       		.uleb128 0x3
 336 001f 24       		.uleb128 0x24
 337 0020 00       		.byte	0
 338 0021 0B       		.uleb128 0xb
 339 0022 0B       		.uleb128 0xb
 340 0023 3E       		.uleb128 0x3e
 341 0024 0B       		.uleb128 0xb
 342 0025 03       		.uleb128 0x3
 343 0026 08       		.uleb128 0x8
 344 0027 00       		.byte	0
 345 0028 00       		.byte	0
 346 0029 04       		.uleb128 0x4
 347 002a 16       		.uleb128 0x16
 348 002b 00       		.byte	0
 349 002c 03       		.uleb128 0x3
 350 002d 0E       		.uleb128 0xe
 351 002e 3A       		.uleb128 0x3a
 352 002f 0B       		.uleb128 0xb
 353 0030 3B       		.uleb128 0x3b
 354 0031 05       		.uleb128 0x5
 355 0032 49       		.uleb128 0x49
 356 0033 13       		.uleb128 0x13
 357 0034 00       		.byte	0
 358 0035 00       		.byte	0
 359 0036 05       		.uleb128 0x5
 360 0037 35       		.uleb128 0x35
 361 0038 00       		.byte	0
 362 0039 49       		.uleb128 0x49
 363 003a 13       		.uleb128 0x13
 364 003b 00       		.byte	0
ARM GAS  C:\Users\Rob\AppData\Local\Temp\ccRz8Y3P.s 			page 10


 365 003c 00       		.byte	0
 366 003d 06       		.uleb128 0x6
 367 003e 2E       		.uleb128 0x2e
 368 003f 01       		.byte	0x1
 369 0040 3F       		.uleb128 0x3f
 370 0041 19       		.uleb128 0x19
 371 0042 03       		.uleb128 0x3
 372 0043 0E       		.uleb128 0xe
 373 0044 3A       		.uleb128 0x3a
 374 0045 0B       		.uleb128 0xb
 375 0046 3B       		.uleb128 0x3b
 376 0047 0B       		.uleb128 0xb
 377 0048 27       		.uleb128 0x27
 378 0049 19       		.uleb128 0x19
 379 004a 11       		.uleb128 0x11
 380 004b 01       		.uleb128 0x1
 381 004c 12       		.uleb128 0x12
 382 004d 06       		.uleb128 0x6
 383 004e 40       		.uleb128 0x40
 384 004f 18       		.uleb128 0x18
 385 0050 9742     		.uleb128 0x2117
 386 0052 19       		.uleb128 0x19
 387 0053 01       		.uleb128 0x1
 388 0054 13       		.uleb128 0x13
 389 0055 00       		.byte	0
 390 0056 00       		.byte	0
 391 0057 07       		.uleb128 0x7
 392 0058 05       		.uleb128 0x5
 393 0059 00       		.byte	0
 394 005a 03       		.uleb128 0x3
 395 005b 0E       		.uleb128 0xe
 396 005c 3A       		.uleb128 0x3a
 397 005d 0B       		.uleb128 0xb
 398 005e 3B       		.uleb128 0x3b
 399 005f 0B       		.uleb128 0xb
 400 0060 49       		.uleb128 0x49
 401 0061 13       		.uleb128 0x13
 402 0062 02       		.uleb128 0x2
 403 0063 17       		.uleb128 0x17
 404 0064 00       		.byte	0
 405 0065 00       		.byte	0
 406 0066 08       		.uleb128 0x8
 407 0067 34       		.uleb128 0x34
 408 0068 00       		.byte	0
 409 0069 03       		.uleb128 0x3
 410 006a 0E       		.uleb128 0xe
 411 006b 3A       		.uleb128 0x3a
 412 006c 0B       		.uleb128 0xb
 413 006d 3B       		.uleb128 0x3b
 414 006e 0B       		.uleb128 0xb
 415 006f 49       		.uleb128 0x49
 416 0070 13       		.uleb128 0x13
 417 0071 02       		.uleb128 0x2
 418 0072 18       		.uleb128 0x18
 419 0073 00       		.byte	0
 420 0074 00       		.byte	0
 421 0075 09       		.uleb128 0x9
ARM GAS  C:\Users\Rob\AppData\Local\Temp\ccRz8Y3P.s 			page 11


 422 0076 2E       		.uleb128 0x2e
 423 0077 00       		.byte	0
 424 0078 3F       		.uleb128 0x3f
 425 0079 19       		.uleb128 0x19
 426 007a 03       		.uleb128 0x3
 427 007b 0E       		.uleb128 0xe
 428 007c 3A       		.uleb128 0x3a
 429 007d 0B       		.uleb128 0xb
 430 007e 3B       		.uleb128 0x3b
 431 007f 0B       		.uleb128 0xb
 432 0080 27       		.uleb128 0x27
 433 0081 19       		.uleb128 0x19
 434 0082 49       		.uleb128 0x49
 435 0083 13       		.uleb128 0x13
 436 0084 11       		.uleb128 0x11
 437 0085 01       		.uleb128 0x1
 438 0086 12       		.uleb128 0x12
 439 0087 06       		.uleb128 0x6
 440 0088 40       		.uleb128 0x40
 441 0089 18       		.uleb128 0x18
 442 008a 9742     		.uleb128 0x2117
 443 008c 19       		.uleb128 0x19
 444 008d 00       		.byte	0
 445 008e 00       		.byte	0
 446 008f 00       		.byte	0
 447              		.section	.debug_loc,"",%progbits
 448              	.Ldebug_loc0:
 449              	.LLST0:
 450 0000 00000000 		.4byte	.LVL0
 451 0004 0C000000 		.4byte	.LVL2
 452 0008 0100     		.2byte	0x1
 453 000a 50       		.byte	0x50
 454 000b 0C000000 		.4byte	.LVL2
 455 000f 18000000 		.4byte	.LFE0
 456 0013 0400     		.2byte	0x4
 457 0015 F3       		.byte	0xf3
 458 0016 01       		.uleb128 0x1
 459 0017 50       		.byte	0x50
 460 0018 9F       		.byte	0x9f
 461 0019 00000000 		.4byte	0
 462 001d 00000000 		.4byte	0
 463              	.LLST1:
 464 0021 00000000 		.4byte	.LVL3
 465 0025 08000000 		.4byte	.LVL4
 466 0029 0100     		.2byte	0x1
 467 002b 50       		.byte	0x50
 468 002c 08000000 		.4byte	.LVL4
 469 0030 54000000 		.4byte	.LFE1
 470 0034 0400     		.2byte	0x4
 471 0036 F3       		.byte	0xf3
 472 0037 01       		.uleb128 0x1
 473 0038 50       		.byte	0x50
 474 0039 9F       		.byte	0x9f
 475 003a 00000000 		.4byte	0
 476 003e 00000000 		.4byte	0
 477              		.section	.debug_aranges,"",%progbits
 478 0000 34000000 		.4byte	0x34
ARM GAS  C:\Users\Rob\AppData\Local\Temp\ccRz8Y3P.s 			page 12


 479 0004 0200     		.2byte	0x2
 480 0006 00000000 		.4byte	.Ldebug_info0
 481 000a 04       		.byte	0x4
 482 000b 00       		.byte	0
 483 000c 0000     		.2byte	0
 484 000e 0000     		.2byte	0
 485 0010 00000000 		.4byte	.LFB0
 486 0014 18000000 		.4byte	.LFE0-.LFB0
 487 0018 00000000 		.4byte	.LFB1
 488 001c 54000000 		.4byte	.LFE1-.LFB1
 489 0020 00000000 		.4byte	.LFB2
 490 0024 10000000 		.4byte	.LFE2-.LFB2
 491 0028 00000000 		.4byte	.LFB3
 492 002c 10000000 		.4byte	.LFE3-.LFB3
 493 0030 00000000 		.4byte	0
 494 0034 00000000 		.4byte	0
 495              		.section	.debug_ranges,"",%progbits
 496              	.Ldebug_ranges0:
 497 0000 00000000 		.4byte	.LFB0
 498 0004 18000000 		.4byte	.LFE0
 499 0008 00000000 		.4byte	.LFB1
 500 000c 54000000 		.4byte	.LFE1
 501 0010 00000000 		.4byte	.LFB2
 502 0014 10000000 		.4byte	.LFE2
 503 0018 00000000 		.4byte	.LFB3
 504 001c 10000000 		.4byte	.LFE3
 505 0020 00000000 		.4byte	0
 506 0024 00000000 		.4byte	0
 507              		.section	.debug_line,"",%progbits
 508              	.Ldebug_line0:
 509 0000 93000000 		.section	.debug_str,"MS",%progbits,1
 509      02004200 
 509      00000201 
 509      FB0E0D00 
 509      01010101 
 510              	.LASF15:
 511 0000 435F4F75 		.ascii	"C_Out_SetDriveMode\000"
 511      745F5365 
 511      74447269 
 511      76654D6F 
 511      646500
 512              	.LASF16:
 513 0013 76616C75 		.ascii	"value\000"
 513      6500
 514              	.LASF23:
 515 0019 73746174 		.ascii	"staticBits\000"
 515      69634269 
 515      747300
 516              	.LASF19:
 517 0024 435F4F75 		.ascii	"C_Out_ReadDataReg\000"
 517      745F5265 
 517      61644461 
 517      74615265 
 517      6700
 518              	.LASF22:
 519 0036 433A5C55 		.ascii	"C:\\Users\\Rob\\Documents\\PSoC Creator\\Organ\\Org"
 519      73657273 
ARM GAS  C:\Users\Rob\AppData\Local\Temp\ccRz8Y3P.s 			page 13


 519      5C526F62 
 519      5C446F63 
 519      756D656E 
 520 0063 616E5F31 		.ascii	"an_1.cydsn\000"
 520      2E637964 
 520      736E00
 521              	.LASF9:
 522 006e 666C6F61 		.ascii	"float\000"
 522      7400
 523              	.LASF1:
 524 0074 756E7369 		.ascii	"unsigned char\000"
 524      676E6564 
 524      20636861 
 524      7200
 525              	.LASF20:
 526 0082 474E5520 		.ascii	"GNU C11 5.4.1 20160609 (release) [ARM/embedded-5-br"
 526      43313120 
 526      352E342E 
 526      31203230 
 526      31363036 
 527 00b5 616E6368 		.ascii	"anch revision 237715] -mcpu=cortex-m3 -mthumb -g -O"
 527      20726576 
 527      6973696F 
 527      6E203233 
 527      37373135 
 528 00e8 67202D66 		.ascii	"g -ffunction-sections -ffat-lto-objects\000"
 528      66756E63 
 528      74696F6E 
 528      2D736563 
 528      74696F6E 
 529              	.LASF21:
 530 0110 47656E65 		.ascii	"Generated_Source\\PSoC5\\C_Out.c\000"
 530      72617465 
 530      645F536F 
 530      75726365 
 530      5C50536F 
 531              	.LASF5:
 532 012f 6C6F6E67 		.ascii	"long unsigned int\000"
 532      20756E73 
 532      69676E65 
 532      6420696E 
 532      7400
 533              	.LASF3:
 534 0141 73686F72 		.ascii	"short unsigned int\000"
 534      7420756E 
 534      7369676E 
 534      65642069 
 534      6E7400
 535              	.LASF10:
 536 0154 646F7562 		.ascii	"double\000"
 536      6C6500
 537              	.LASF8:
 538 015b 756E7369 		.ascii	"unsigned int\000"
 538      676E6564 
 538      20696E74 
 538      00
 539              	.LASF18:
ARM GAS  C:\Users\Rob\AppData\Local\Temp\ccRz8Y3P.s 			page 14


 540 0168 435F4F75 		.ascii	"C_Out_Read\000"
 540      745F5265 
 540      616400
 541              	.LASF7:
 542 0173 6C6F6E67 		.ascii	"long long unsigned int\000"
 542      206C6F6E 
 542      6720756E 
 542      7369676E 
 542      65642069 
 543              	.LASF17:
 544 018a 6D6F6465 		.ascii	"mode\000"
 544      00
 545              	.LASF13:
 546 018f 72656738 		.ascii	"reg8\000"
 546      00
 547              	.LASF6:
 548 0194 6C6F6E67 		.ascii	"long long int\000"
 548      206C6F6E 
 548      6720696E 
 548      7400
 549              	.LASF11:
 550 01a2 63686172 		.ascii	"char\000"
 550      00
 551              	.LASF2:
 552 01a7 73686F72 		.ascii	"short int\000"
 552      7420696E 
 552      7400
 553              	.LASF12:
 554 01b1 75696E74 		.ascii	"uint8\000"
 554      3800
 555              	.LASF4:
 556 01b7 6C6F6E67 		.ascii	"long int\000"
 556      20696E74 
 556      00
 557              	.LASF0:
 558 01c0 7369676E 		.ascii	"signed char\000"
 558      65642063 
 558      68617200 
 559              	.LASF14:
 560 01cc 435F4F75 		.ascii	"C_Out_Write\000"
 560      745F5772 
 560      69746500 
 561              		.ident	"GCC: (GNU Tools for ARM Embedded Processors) 5.4.1 20160609 (release) [ARM/embedded-5-bran
